2026-01-07 10:47:53,923 - INFO - Daten erfolgreich von Yelp.csv geladen.
2026-01-07 10:47:53,954 - INFO - Starte Pipeline Training (CV, TFIDF, MultinomialNB)...
2026-01-07 10:47:54,119 - INFO - Training beendet in 0.1651 Sekunden.
2026-01-07 10:47:54,119 - INFO - Erstelle Vorhersagen...
2026-01-07 10:47:54,171 - INFO - Starte Pipeline Training (CV, TFIDF, MultinomialNB)...
2026-01-07 10:47:54,319 - INFO - Training beendet in 0.1485 Sekunden.
2026-01-07 10:51:40,822 - INFO - Daten erfolgreich von Yelp.csv geladen.
2026-01-07 10:51:40,824 - INFO - Starte Pipeline Training (CV, TFIDF, MultinomialNB)...
2026-01-07 10:51:40,944 - INFO - Training beendet in 0.1187 Sekunden.
2026-01-07 10:51:40,944 - INFO - Erstelle Vorhersagen...
2026-01-07 10:51:40,989 - INFO - Starte Pipeline Training (CV, TFIDF, MultinomialNB)...
2026-01-07 10:51:41,111 - INFO - Training beendet in 0.1216 Sekunden.
2026-01-07 10:51:48,561 - INFO - Daten erfolgreich von Yelp.csv geladen.
2026-01-07 10:51:48,578 - INFO - Starte Pipeline Training (CV, TFIDF, MultinomialNB)...
2026-01-07 10:51:48,702 - INFO - Training beendet in 0.1244 Sekunden.
2026-01-07 10:51:48,703 - INFO - Erstelle Vorhersagen...
2026-01-07 10:51:48,747 - INFO - Starte Pipeline Training (CV, TFIDF, MultinomialNB)...
2026-01-07 10:51:48,872 - INFO - Training beendet in 0.1254 Sekunden.
2026-01-07 12:16:23,182 - INFO - Daten erfolgreich von Yelp.csv geladen.
2026-01-07 12:16:23,198 - INFO - Starte Pipeline Training (CV, TFIDF, MultinomialNB)...
2026-01-07 12:16:23,317 - INFO - Training beendet in 0.1184 Sekunden.
2026-01-07 12:16:23,317 - INFO - Erstelle Vorhersagen...
2026-01-07 12:16:23,360 - INFO - Starte Pipeline Training (CV, TFIDF, MultinomialNB)...
2026-01-07 12:16:23,483 - INFO - Training beendet in 0.1233 Sekunden.
2026-01-07 12:20:36,213 - INFO - Ran with args: ('Yelp.csv',), and kwargs: {}
2026-01-07 12:20:36,261 - INFO - load_data ran in: 0.0480 sec
2026-01-07 12:20:36,278 - INFO - Ran with args: (3608    I have found my new favorite sushi spot.\n\nI ...
2397    I have been exploring more of the park recentl...
6066    I've been taking mine and my family's cars to ...
7366    Absolutely waste of time & space is this estab...
5888    Ive been eating here more and more often latel...
                              ...                        
3902    The best tacos in the city, amazing veggies, a...
9570    This is the best buffet in Az. HUGE variety fr...
3333    We went here for my wife's birthday, and it's ...
3781    Loved it. Pulled pork & pulled chicken, bbq sa...
2071    I was inspired to visit Casella's after a cowo...
Name: text, Length: 2860, dtype: object, 3608    5
2397    5
6066    5
7366    1
5888    5
       ..
3902    5
9570    5
3333    5
3781    5
2071    5
Name: stars, Length: 2860, dtype: int64), and kwargs: {}
2026-01-07 12:20:36,397 - INFO - fit_model ran in: 0.1184 sec
2026-01-07 12:20:36,399 - INFO - Ran with args: (Pipeline(steps=[('bow', CountVectorizer()), ('tfidf', TfidfTransformer()),
                ('classifier', MultinomialNB())]), 2414    Japanese chefs, top notch sashimi, affordable ...
3552    The staff of this "establishment" are some of ...
5364    I love Jimmy Johns.  It is WAY better than Sub...
1222    Honestly, this is the best pizza that I've had...
5011                   Poor service-small portions-pricey
                              ...                        
5627    20% off with a Yelp check in? SCORE! \n\nThey ...
862     An oasis of little kid fun in Phoenix, we hadn...
5307    If I could give it more than 5, I would.  Swee...
9420    This is a brand new delicatessen who's grand o...
1455    I've been going to Lake Pleasant Dentistry for...
Name: text, Length: 1226, dtype: object), and kwargs: {}
2026-01-07 12:20:36,442 - INFO - predict_model ran in: 0.0437 sec
2026-01-07 12:20:36,445 - INFO - Ran with args: (3608    I have found my new favorite sushi spot.\n\nI ...
2397    I have been exploring more of the park recentl...
6066    I've been taking mine and my family's cars to ...
7366    Absolutely waste of time & space is this estab...
5888    Ive been eating here more and more often latel...
                              ...                        
3902    The best tacos in the city, amazing veggies, a...
9570    This is the best buffet in Az. HUGE variety fr...
3333    We went here for my wife's birthday, and it's ...
3781    Loved it. Pulled pork & pulled chicken, bbq sa...
2071    I was inspired to visit Casella's after a cowo...
Name: text, Length: 2860, dtype: object, 3608    5
2397    5
6066    5
7366    1
5888    5
       ..
3902    5
9570    5
3333    5
3781    5
2071    5
Name: stars, Length: 2860, dtype: int64), and kwargs: {}
2026-01-07 12:20:36,563 - INFO - fit_model ran in: 0.1184 sec
2026-01-07 13:27:30,280 - INFO - Ran with args: ('Yelp.csv',), and kwargs: {}
2026-01-07 13:27:30,341 - INFO - load_data ran in: 0.0601 sec
2026-01-07 13:27:30,343 - INFO - Ran with args: (3608    I have found my new favorite sushi spot.\n\nI ...
2397    I have been exploring more of the park recentl...
6066    I've been taking mine and my family's cars to ...
7366    Absolutely waste of time & space is this estab...
5888    Ive been eating here more and more often latel...
                              ...                        
3902    The best tacos in the city, amazing veggies, a...
9570    This is the best buffet in Az. HUGE variety fr...
3333    We went here for my wife's birthday, and it's ...
3781    Loved it. Pulled pork & pulled chicken, bbq sa...
2071    I was inspired to visit Casella's after a cowo...
Name: text, Length: 2860, dtype: object, 3608    5
2397    5
6066    5
7366    1
5888    5
       ..
3902    5
9570    5
3333    5
3781    5
2071    5
Name: stars, Length: 2860, dtype: int64), and kwargs: {}
2026-01-07 13:27:30,486 - INFO - fit_model ran in: 0.1427 sec
2026-01-07 13:27:30,487 - INFO - Ran with args: (Pipeline(steps=[('bow', CountVectorizer()), ('tfidf', TfidfTransformer()),
                ('classifier', MultinomialNB())]), 2414    Japanese chefs, top notch sashimi, affordable ...
3552    The staff of this "establishment" are some of ...
5364    I love Jimmy Johns.  It is WAY better than Sub...
1222    Honestly, this is the best pizza that I've had...
5011                   Poor service-small portions-pricey
                              ...                        
5627    20% off with a Yelp check in? SCORE! \n\nThey ...
862     An oasis of little kid fun in Phoenix, we hadn...
5307    If I could give it more than 5, I would.  Swee...
9420    This is a brand new delicatessen who's grand o...
1455    I've been going to Lake Pleasant Dentistry for...
Name: text, Length: 1226, dtype: object), and kwargs: {}
2026-01-07 13:27:30,541 - INFO - predict_model ran in: 0.0539 sec
2026-01-07 13:27:30,543 - INFO - Ran with args: (3608    I have found my new favorite sushi spot.\n\nI ...
2397    I have been exploring more of the park recentl...
6066    I've been taking mine and my family's cars to ...
7366    Absolutely waste of time & space is this estab...
5888    Ive been eating here more and more often latel...
                              ...                        
3902    The best tacos in the city, amazing veggies, a...
9570    This is the best buffet in Az. HUGE variety fr...
3333    We went here for my wife's birthday, and it's ...
3781    Loved it. Pulled pork & pulled chicken, bbq sa...
2071    I was inspired to visit Casella's after a cowo...
Name: text, Length: 2860, dtype: object, 3608    5
2397    5
6066    5
7366    1
5888    5
       ..
3902    5
9570    5
3333    5
3781    5
2071    5
Name: stars, Length: 2860, dtype: int64), and kwargs: {}
2026-01-07 13:27:30,721 - INFO - fit_model ran in: 0.1776 sec
2026-02-18 15:09:03,461 - INFO - Ran with args: (0       I have found my new favorite sushi spot.\n\nI ...
1       I have been exploring more of the park recentl...
2       I've been taking mine and my family's cars to ...
3       Absolutely waste of time & space is this estab...
4       Ive been eating here more and more often latel...
                              ...                        
2855    The best tacos in the city, amazing veggies, a...
2856    This is the best buffet in Az. HUGE variety fr...
2857    We went here for my wife's birthday, and it's ...
2858    Loved it. Pulled pork & pulled chicken, bbq sa...
2859    I was inspired to visit Casella's after a cowo...
Name: text, Length: 2860, dtype: object, 0       5
1       5
2       5
3       1
4       5
       ..
2855    5
2856    5
2857    5
2858    5
2859    5
Name: stars, Length: 2860, dtype: int64), and kwargs: {}
2026-02-18 15:09:03,578 - INFO - fit_model ran in: 0.1173 sec
2026-02-18 15:09:03,580 - INFO - Ran with args: (Pipeline(steps=[('bow', CountVectorizer()), ('tfidf', TfidfTransformer()),
                ('classifier', MultinomialNB())]), 0       Japanese chefs, top notch sashimi, affordable ...
1       The staff of this "establishment" are some of ...
2       I love Jimmy Johns.  It is WAY better than Sub...
3       Honestly, this is the best pizza that I've had...
4                      Poor service-small portions-pricey
                              ...                        
1221    20% off with a Yelp check in? SCORE! \n\nThey ...
1222    An oasis of little kid fun in Phoenix, we hadn...
1223    If I could give it more than 5, I would.  Swee...
1224    This is a brand new delicatessen who's grand o...
1225    I've been going to Lake Pleasant Dentistry for...
Name: text, Length: 1226, dtype: object), and kwargs: {}
2026-02-18 15:09:03,622 - INFO - predict_model ran in: 0.0426 sec
2026-02-18 15:09:03,623 - INFO - Ran with args: (0       I have found my new favorite sushi spot.\n\nI ...
1       I have been exploring more of the park recentl...
2       I've been taking mine and my family's cars to ...
3       Absolutely waste of time & space is this estab...
4       Ive been eating here more and more often latel...
                              ...                        
2855    The best tacos in the city, amazing veggies, a...
2856    This is the best buffet in Az. HUGE variety fr...
2857    We went here for my wife's birthday, and it's ...
2858    Loved it. Pulled pork & pulled chicken, bbq sa...
2859    I was inspired to visit Casella's after a cowo...
Name: text, Length: 2860, dtype: object, 0       5
1       5
2       5
3       1
4       5
       ..
2855    5
2856    5
2857    5
2858    5
2859    5
Name: stars, Length: 2860, dtype: int64), and kwargs: {}
2026-02-18 15:09:03,743 - INFO - fit_model ran in: 0.1191 sec
